#-----------------------------------------------------------
# Vivado v2020.2 (64-bit)
# SW Build 3064766 on Wed Nov 18 09:12:47 MST 2020
# IP Build 3064653 on Wed Nov 18 14:17:31 MST 2020
# Start of session at: Thu Jun 30 12:22:31 2022
# Process ID: 62710
# Current directory: /home/raesangur/github/UdeS_S4_APP4/problematique
# Command line: vivado
# Log file: /home/raesangur/github/UdeS_S4_APP4/problematique/vivado.log
# Journal file: /home/raesangur/github/UdeS_S4_APP4/problematique/vivado.jou
#-----------------------------------------------------------
start_gui
open_project /home/raesangur/github/UdeS_S4_APP4/problematique/mips32_unicycle_reference.xpr
launch_simulation
open_wave_config /home/raesangur/github/UdeS_S4_APP4/problematique/mips_unicycle_tb_behav.wcfg
source mips_unicycle_tb.tcl
save_wave_config {/home/raesangur/github/UdeS_S4_APP4/problematique/mips_unicycle_tb_behav.wcfg}
restart
run 200 ns
run 200 ns
run 200 ns
relaunch_sim
restart
run 200 ns
run 200 ns
relaunch_sim
run 200 ns
restart
run 400 ns
relaunch_sim
restart
run 400 ns
relaunch_sim
save_wave_config {/home/raesangur/github/UdeS_S4_APP4/problematique/mips_unicycle_tb_behav.wcfg}
set_property -name {xsim.simulate.runtime} -value {400ns} -objects [get_filesets sim_1]
relaunch_sim
restart
run 400 ns
restart
run 400 ns
restart
run 400 ns
relaunch_sim
restart
run 260 ns
relaunch_sim
restart
run 400 ns
relaunch_sim
restart
run 400 ns
relaunch_sim
restart
run 300 ns
restart
run 300 ns
save_wave_config {/home/raesangur/github/UdeS_S4_APP4/problematique/mips_unicycle_tb_behav.wcfg}
restart
run 300 ns
save_wave_config {/home/raesangur/github/UdeS_S4_APP4/problematique/mips_unicycle_tb_behav.wcfg}
relaunch_sim
restart
run 300 ns
relaunch_sim
restart
set_property -name {xsim.simulate.runtime} -value {300ns} -objects [get_filesets sim_1]
run 300 ns
relaunch_sim
restart
run 300 ns
restart
run 300 ns
relaunch_sim
restart
run 300 ns
save_wave_config {/home/raesangur/github/UdeS_S4_APP4/problematique/mips_unicycle_tb_behav.wcfg}
