#-----------------------------------------------------------
# Vivado v2020.2 (64-bit)
# SW Build 3064766 on Wed Nov 18 09:12:47 MST 2020
# IP Build 3064653 on Wed Nov 18 14:17:31 MST 2020
# Start of session at: Mon Jun 27 13:53:57 2022
# Process ID: 7303
# Current directory: /home/raesangur/github/UdeS_S4_APP4/problematique
# Command line: vivado
# Log file: /home/raesangur/github/UdeS_S4_APP4/problematique/vivado.log
# Journal file: /home/raesangur/github/UdeS_S4_APP4/problematique/vivado.jou
#-----------------------------------------------------------
start_gui
open_project /home/raesangur/github/UdeS_S4_APP4/problematique/mips32_unicycle_reference.xpr
launch_simulation
launch_simulation
launch_simulation
launch_simulation
launch_simulation
launch_simulation
launch_simulation
source mips_unicycle_tb.tcl
run 10 us
close_sim
launch_simulation
source mips_unicycle_tb.tcl
restart
run 10 us
run 10 us
run 10 us
run 10 us
run 10 us
run 100 us
run 100 us
close_sim
launch_simulation
launch_simulation
launch_simulation
launch_simulation
source mips_unicycle_tb.tcl
run 100 us
close_sim
launch_simulation
launch_simulation
source mips_unicycle_tb.tcl
run 100 us
run 100 us
synth_design -rtl -rtl_skip_mlo -name rtl_1
synth_design -rtl -rtl_skip_mlo -name rtl_1
close_sim
launch_simulation
